// Jest Snapshot v1, https://goo.gl/fbAQLP

exports[`LoginForm should match snapshot 1`] = `
<div>
  <form
    data-testid="login-form"
  >
    <input
      name="username"
      placeholder="username"
    />
    <input
      name="password"
      placeholder="password"
    />
    <p>
      foo
    </p>
    <input
      type="submit"
    />
  </form>
  <style>
    
        form {
          display: flex;
          flex-direction: column;
        }
        input {
          height: 30px;
          margin-bottom: 30px;
        }
        .form__validationError {
          color: red;
          margin-top: -12px;
        }
      
  </style>
</div>
`;
