// Jest Snapshot v1, https://goo.gl/fbAQLP

exports[`LoginForm should match snapshot 1`] = `
<div>
  <form
    class="form"
    data-testid="login-form"
  >
    <input
      name="username"
      placeholder="username"
      type="text"
    />
    <input
      name="password"
      type="password"
    />
    <button
      type="submit"
    >
      Submit
    </button>
  </form>
</div>
`;
